// Jest Snapshot v1, https://goo.gl/fbAQLP

exports[`FullWidthImage renders with defaults 1`] = `
<DocumentFragment>
  <figure>
    <div
      class="relative overflow-hidden mb-xs aspect-16/9"
    >
      <img
        alt="This is a test image"
        class="object-cover"
        data-nimg="fill"
        decoding="async"
        loading="lazy"
        sizes="100vw"
        src="/_next/image?url=http%3A%2F%2Fwww.not-a-real-url-this-is-just-for-testing.com%2Fimage.png&w=3840&q=100"
        srcset="/_next/image?url=http%3A%2F%2Fwww.not-a-real-url-this-is-just-for-testing.com%2Fimage.png&w=640&q=100 640w, /_next/image?url=http%3A%2F%2Fwww.not-a-real-url-this-is-just-for-testing.com%2Fimage.png&w=750&q=100 750w, /_next/image?url=http%3A%2F%2Fwww.not-a-real-url-this-is-just-for-testing.com%2Fimage.png&w=828&q=100 828w, /_next/image?url=http%3A%2F%2Fwww.not-a-real-url-this-is-just-for-testing.com%2Fimage.png&w=1080&q=100 1080w, /_next/image?url=http%3A%2F%2Fwww.not-a-real-url-this-is-just-for-testing.com%2Fimage.png&w=1200&q=100 1200w, /_next/image?url=http%3A%2F%2Fwww.not-a-real-url-this-is-just-for-testing.com%2Fimage.png&w=1920&q=100 1920w, /_next/image?url=http%3A%2F%2Fwww.not-a-real-url-this-is-just-for-testing.com%2Fimage.png&w=2048&q=100 2048w, /_next/image?url=http%3A%2F%2Fwww.not-a-real-url-this-is-just-for-testing.com%2Fimage.png&w=3840&q=100 3840w"
        style="position: absolute; height: 100%; width: 100%; left: 0px; top: 0px; right: 0px; bottom: 0px; color: transparent;"
      />
    </div>
    <figcaption
      class="text-body-small text-gray-700"
    >
      This is a test image caption
    </figcaption>
  </figure>
</DocumentFragment>
`;

exports[`FullWidthImage renders without a caption 1`] = `
<DocumentFragment>
  <figure>
    <div
      class="relative overflow-hidden mb-xs aspect-1/1"
    >
      <img
        alt="This is a test image"
        class="object-cover"
        data-nimg="fill"
        decoding="async"
        loading="lazy"
        sizes="100vw"
        src="/_next/image?url=http%3A%2F%2Fwww.not-a-real-url-this-is-just-for-testing.com%2Fimage.png&w=3840&q=100"
        srcset="/_next/image?url=http%3A%2F%2Fwww.not-a-real-url-this-is-just-for-testing.com%2Fimage.png&w=640&q=100 640w, /_next/image?url=http%3A%2F%2Fwww.not-a-real-url-this-is-just-for-testing.com%2Fimage.png&w=750&q=100 750w, /_next/image?url=http%3A%2F%2Fwww.not-a-real-url-this-is-just-for-testing.com%2Fimage.png&w=828&q=100 828w, /_next/image?url=http%3A%2F%2Fwww.not-a-real-url-this-is-just-for-testing.com%2Fimage.png&w=1080&q=100 1080w, /_next/image?url=http%3A%2F%2Fwww.not-a-real-url-this-is-just-for-testing.com%2Fimage.png&w=1200&q=100 1200w, /_next/image?url=http%3A%2F%2Fwww.not-a-real-url-this-is-just-for-testing.com%2Fimage.png&w=1920&q=100 1920w, /_next/image?url=http%3A%2F%2Fwww.not-a-real-url-this-is-just-for-testing.com%2Fimage.png&w=2048&q=100 2048w, /_next/image?url=http%3A%2F%2Fwww.not-a-real-url-this-is-just-for-testing.com%2Fimage.png&w=3840&q=100 3840w"
        style="position: absolute; height: 100%; width: 100%; left: 0px; top: 0px; right: 0px; bottom: 0px; color: transparent;"
      />
    </div>
  </figure>
</DocumentFragment>
`;

exports[`FullWidthImage renders without alt text 1`] = `
<DocumentFragment>
  <figure>
    <div
      class="relative overflow-hidden mb-xs aspect-4/3"
    >
      <img
        alt=""
        class="object-cover"
        data-nimg="fill"
        decoding="async"
        loading="lazy"
        sizes="100vw"
        src="/_next/image?url=http%3A%2F%2Fwww.not-a-real-url-this-is-just-for-testing.com%2Fimage.png&w=3840&q=100"
        srcset="/_next/image?url=http%3A%2F%2Fwww.not-a-real-url-this-is-just-for-testing.com%2Fimage.png&w=640&q=100 640w, /_next/image?url=http%3A%2F%2Fwww.not-a-real-url-this-is-just-for-testing.com%2Fimage.png&w=750&q=100 750w, /_next/image?url=http%3A%2F%2Fwww.not-a-real-url-this-is-just-for-testing.com%2Fimage.png&w=828&q=100 828w, /_next/image?url=http%3A%2F%2Fwww.not-a-real-url-this-is-just-for-testing.com%2Fimage.png&w=1080&q=100 1080w, /_next/image?url=http%3A%2F%2Fwww.not-a-real-url-this-is-just-for-testing.com%2Fimage.png&w=1200&q=100 1200w, /_next/image?url=http%3A%2F%2Fwww.not-a-real-url-this-is-just-for-testing.com%2Fimage.png&w=1920&q=100 1920w, /_next/image?url=http%3A%2F%2Fwww.not-a-real-url-this-is-just-for-testing.com%2Fimage.png&w=2048&q=100 2048w, /_next/image?url=http%3A%2F%2Fwww.not-a-real-url-this-is-just-for-testing.com%2Fimage.png&w=3840&q=100 3840w"
        style="position: absolute; height: 100%; width: 100%; left: 0px; top: 0px; right: 0px; bottom: 0px; color: transparent;"
      />
    </div>
    <figcaption
      class="text-body-small text-gray-700"
    >
      This is a test image caption
    </figcaption>
  </figure>
</DocumentFragment>
`;
