// Jest Snapshot v1, https://goo.gl/fbAQLP

exports[`PillButton renders with children and defaults 1`] = `
<DocumentFragment>
  <button
    class="leading-body font-semibold text-body-regular w-fit px-[0.75rem] py-[0.125rem] border-1 rounded-[50px] whitespace-nowrap bg-primary-50 border-gray-700 text-gray-800 transition-colors duration-default hover:bg-primary-200 active:bg-primary-300"
  >
    Hot Dogs
  </button>
</DocumentFragment>
`;
